Hhd, Gg, Hhd^Fmw, Hhd, Rrd^Edb, Rrd, Re^Edb, Rrd, Re^Es, Re, Re, Gll, Re^Es, Gll, Gll, Gg, Gll^Fmw, Gll^Fdw, Gs, Gs^Fp, Gs^Fp, Gg, Gs^Fms, Gs^Fms, Gs^Fms, Gg, Gs^Fms, Gs^Fms, Gs^Fms, Gs^Fms, Gs^Fms, Gs^Fms, Gs, Gs^Fms, Gs^Fms, Gs^Fms, Gs^Fms, Gs^Fms, Gg^Efm, Gg, Gg
Hhd, Hhd, Rrd^Qhh, Hhd^Edb, Re^Edb, Rb^Edb, Rb^Edb, Re, Rrd^Qhh, Hhd, Hhd, Re^Qhh, Gll^Qhh, Gll, Gs^Qhuf, Gll, Gg^Es, Gs, Gs^Fp, Gs^Em, Gs^Fms, Gs^Fp, Gs^Fms, Gs^Fms, Gs^Fms, Gs^Fp, Gs^Fp, Gs^Fp, Gs^Fms, Gs^Fms, Gg^Fms, Gs^Fms, Gs^Fms, Gs, Gs^Fms, Gs^Fms, Gs^Fms, Gg^Em, Gs, Gg, Gs^Fms
Re^Qhh, Rd^Qhh, Hhd^Vo, Rb^Edb, Re, Re^Edb, Rb^Fdw, Hhd^Fdw, Hhd, Hhd, Hhd^Emf, Re, Gd, Gd^Qhh, Gs^Qhuf, Gll^Em, Gs, Gg, Gs, Gs^Fp, Gs^Fms, Gs^Fms, Gs^Fp, Gs^Fms, Gs^Fms, Gs^Fms, Gs^Fms, Gs^Fms, Gs^Fds, Gs^Fms, Gg^Fds, Gg^Fms, Gg^Ve, Gs^Fms, Gs^Fds, Gs^Fds, Gs^Fds, Gs^Fms, Gs^Fms, Gs^Fms, Gs^Fms
Re^Qhh, Re^Qhh, Hhd^Em, Hhd^Fdw, Hhd, Rb^Es, Hhd, Hhd, Rd, Hhd^Fmw, Hhd, Re^Fdw, Re, Gd^Qhh, Gll^Qhuf, Gg^Qhuf, Gs, Gg^Fmw, Gg^Efm, Gs^Fms, Cv, Cv, Gs^Fp, Gs^Fms, Gs^Fms, Gs^Fms, Gs^Fms, Gs^Fds, Gs^Fms, Gs^Fds, Gg^Fds, Gg^Fms, Gg^Fds, Gg^Fds, Gg^Fds, Gs^Fds, Gs^Fds, Gs^Fms, Gs^Fds, Gg^Fms, Gs^Fms
Rd, Rd, Re^Qhh, Hhd^Fmw, Gd^Edb, Rb, Re^Edb, Hhd, Rd, Re, Hhd, Hhd, Re^Es, Gll, Gll^Em, Gs, Gll^Fmw, Gg, Gs^Fms, Gs^Fms, Gs^Fms, Gs^Fms, Gs^Fms, Gs^Vh, Gs^Fms, Gs, Cv, Gs^Fms, Gs^Fms, Gs^Fms, Gg^Fds, Gg^Fds, Gg, Gg^Fds, Gg^Fds, Gs^Fds, Gs^Fds, Gs^Fms, Gg^Fds, Gg^Fms, Gs^Fms
Hhd, Rd^Es, Re, Re^Qhh, Gd, Re^Edb, Rd^Edb, Rd^Edb, Rd, Gd, Gd, Re, Gll, Gd, Gll, Gll^Em, Gll^Fmw, Gll^Fp, Gs^Fms, Gll^Fmw, Gll^Fmw, Gll^Fmw, Gll^Fmw, Gs^Fp, Gs^Fp, Gs^Efm, Gs^Fp, Gs^Fms, Gs^Fms, Gs^Fms, Gg^Fds, Gs^Fms, Gs^Fds, Gg^Fds, Gg^Fds, Gs^Fds, Gg^Fms, Gg^Fds, Gs^Fms, Gs^Fds, Gs^Fms
Hhd^Fdw, Hhd, Rb^Fdw, Gd, Gd, Re^Edb, Re, Re^Edb, Re^Vo, Gd, Rd^Edb, Gd, Rb, Gd, Gll, Gll^Fdw, Gll, Gll^Fdw, Gll^Fmw, Gs^Fms, Gs^Fms, Gs^Fms, Gll^Fmw, Gs^Fms, Gs^Fms, Gs^Fms, Gs^Fp, Gs^Fms, Gs^Fms, Gg^Fms, Gs^Fms, Gs^Fms, Gs^Fms, Gs^Fms, Gg^Fms, Gs^Fds, Gg^Fds, Gs^Vl, Gs^Fds, Gs^Fds, Gs^Fms
Hhd, Hhd^Em, Hhd^Emf, Hhd^Fdw, Gd, Gd^Es, Rd^Es, Rd, Rd^Qhu, Re, Re^Edb, Rb^Edb, Re, Gll, Ce, Gll^Fdw, Gll, Gll^Fdw, Gs^Fms, Gll^Fp, Gs^Fp, Gll^Fmw, Gs^Fms, Gs^Fms, Gg^Fms, Gs^Fp, Gs^Fms, Gs^Fms, Gs^Fp, Gg^Fms, Gs^Fms, Gs^Fms, Gs^Fms, Gs^Fms, Gs^Vl, Gs^Fms, Gs^Fms, Gg^Fds, Gs^Fds, Gs^Fms, Gs^Fms
Hhd, Hhd^Fdw, Hhd, Hhd, Re, Rd, Re^Es, Re^Es, Rd^Qhu, Re^Qhu, Rb^Ecf, Re^Edb, Rd, Rd^Es, Re^Qhu, Gll^Qhu, Gs^Qhh, Gll^Fdw, Gll^Qhh, Gs, Gll^Fmw, Gs^Fms, Gs^Fms, Gll, Gs^Fms, Gg^Fms, Gs^Fp, Gs^Fms, Gs^Fp, Gg^Fms, Gs^Fms, Gg^Efm, Gg, Gs^Fms, Gs^Fms, Gs^Fms, Gs^Fms, Gg^Fms, Gs^Fms, Gs^Fms, Gs^Fms
Rd^Es, Re, Re^Es, Gll, Hhd^Vo, Re, Hhd^Fdw, Rd^Qhu, Rd^Qhu, Rd^Qhu, Rb^Qhu, Rb^Edb, Rb^Qhu, Rd, Rb^Qhu, Gll^Qhu, Re^Qhu, Gs^Qhh, Ce^Qhh, Gll^Qhh, Gll, Gs^Fp, Gll^Fp, Gll, Gs^Fp, Gs^Fms, Gs^Fms, Gg^Fms, Gg^Fp, Gg^Fms, Gs^Fms, Gs^Fms, Gs^Fms, Gs^Fms, Gs^Fms, Gs^Fms, Gs^Fms, Gs^Fp, Gs^Fms, Gs^Fms, Gs^Fms
Rd, Re, Re, Gll, Gd^Qhh, Hhd^Fdw, Hhd^Fdw, Co, Co, 4 Ko, Co, Co, Rd, Rb^Qhu, Rb, Rb, Re^Qhu, Re^Qhu, 5 Ke, Re^Qhh, Gll, Gll^Fp, Gll, Gs^Fp, Gs^Fms, Gs^Fmw, Gs^Fmw, Gs^Fp, Gs^Fmw, Gs^Fmw, Gs^Fp, Gs^Fms, Gs^Fp, Gs^Fp, Gs^Fp, Gs^Fp, Gs^Fms, Gs^Fp, Gs^Fp, Gg, Gg
Rd, Rd^Es, Re, Gd, Gd^Qhu, Gll^Qhh, Re^Qhh, Re^Qhh, Rd^Qhh, Re^Qhu, Gd^Qhu, Co, Rd, Re^Vct, Rd, Rb^Vct, Rd^Qhu, Ce, Re, Gll^Qhh, Gs^Fdw, Gll, Gs, Gll, Gs^Fdw, Gs^Fmw, Gs^Fp, Gs^Fp, Gs^Fmw, Gg^Fmw, Gs^Fms, Gs^Fp, Gs^Fms, Gs^Fms, Gs^Fms, Gs^Fms, Gs^Fms, Gg^Em, Wwf, Gg, Gs^Fms
Gd, Rd, Re, Gd, Re^Qhu, Gll^Qhh, Gll^Qhu, Re, Rd, Rd, Gd^Qhu, Re, Re^Edb, Rd^Edb, Rd, Rd^Ecf, Rd, Rd, Rd^Vct, Re^Es, Re, Ce, Gs^Fdw, Gs, Gs^Fmw, Gs^Fp, Gs^Fms, Gs^Fms, Gs^Fmw, Gs^Fp, Gs^Fms, Gg^Fms, Gg^Fms, Gs^Fms, Gs^Fms, Gs^Fms, Gg, Gg^Efm, Gg, Wwf, Wwt
Gd, Re, Gll^Qhuf, Re, Re^Qhu, Gll^Qhuf, Gs^Qhu, Re^Qhu, Gd, Rd^Vo, Gd, Re, Gd^Edb, Rd^Edb, Re^Qhu, Rd, Rd^Edb, Rb^Edb, Rb^Edb, Re, Gll^Edb, Ce, Gll, Gll, Gs, Gs^Fp, Gs^Fp, Gs^Fms, Gs, Gs, Gs^Fp, Gs^Fms, Gg^Fms, Gg^Fp, Gs^Fms, Gs^Fms, Gs^Fms, Gg^Ve, Wwf^Ewl, Wwt, Wwt
Gs^Fmw, Gd, Gll^Es, Gll^Qhuf, Re, Re^Es, Gd^Qhu, Gd, Gs, Gs, Re^Qhh, Gd^Edb, Gd, Re, Gd^Qhu, Rd^Vct, Rd^Qhh, Rb^Edb, Re^Qhh, Re^Edb, Gll, Gs, Gs^Fmw, Gs^Fdw, Gs, Gs, Gs^Fms, Gs^Fms, Gs^Fp, Gs^Fp, Gs^Fp, Gs^Fms, Gg, Gs^Fp, Gs^Fms, Gs^Fms, Gs^Fp, Wwf, Gg, Wwf, Wwt
Gs, Gd, Gs^Fmw, Gll, Gs^Es, Re, Gll, Gs, Gs^Fdw, Re, Re^Qhh, Ce, Ce, Gd^Qhu, Gd, Ce, Ce, Ce^Qhh, Gd^Qhh, Re, Gll^Qhuf, Gll, Gs, Gs^Fp, Gs^Fp, Gs^Fp, Gs^Fms, Gs^Fp, Gs^Fp, Gs^Fms, Gs^Fms, Gg^Em, Gs^Vl, Gs^Fms, Gs^Fms, Gs^Fp, Gg, Gs^Fp, Gs^Fms, Gs^Fp, Wwt
Gs, Gs, Gs^Fp, Gs, Gs^Fmw, Gs, Gll^Em, Gs^Fdw, Gs^Fdw, Gs, Re^Qhu, Re^Qhh, Re^Qhh, Gd^Qhu, Gd, Re, Gd, Re^Qhh, Gd^Qhh, Gd^Qhh, Gs^Qhuf, Gs^Qhuf, Gs^Fp, Gs^Fmw, Gs^Fmw, Gs^Fp, Gs^Fms, Gs^Fms, Gs^Fms, Gs^Fms, Gs^Fms, Gs^Fp, Gs^Fms, Gs^Fms, Gg, Gg^Efm, Gg, Gs^Fp, Gg, Gs^Fms, Wwt
Gs^Em, Gs, Gs^Fmw, Gs^Fp, Gs^Fmw, Gs^Fmw, Gs^Fmw, Gs^Fmw, Gs^Fp, Gs, Gs, Gll^Qhuf, Gll, Gd, Gs, Gd, Gll, Re^Qhu, Gd^Qhuf, Gd^Qhh, Gll, Gs^Qhuf, Gs^Qhuf, Gs^Fdw, Gs^Fmw, Gs^Fms, Gs^Fms, Gs^Fms, Gs^Fms, Gs^Fms, Gs^Fp, Gs^Fp, Gs^Fms, Gs^Fms, Gs^Fms, Gg, Gs^Fms, Gg, Gs^Fms, Wwt, Gs^Fms
Gs, Gs^Fmw, Gll^Em, Gs^Fp, Gs^Fmw, Gs^Fp, Gs^Fmw, Gs^Fp, Gg, Gll, Gll, Gll, Gs, Gs, Gs^Fdw, Gd, Gs^Fdw, Gll, Gll, Gll, Gs, Gs^Qhuf, Gs, Gs^Fmw, Gs, Gs^Fp, Gs^Fms, Gg^Fds, Gg^Fds, Gg^Fms, Gs^Fms, Gg^Fms, Gs^Fp, Gs^Fms, Gs^Fms, Gs^Fms, Gg, Gs^Fms, Gs^Fms, Wwt, Gs^Fms
Gs, Gs, Gs^Fmw, Gs^Fp, Gs^Fmw, Gs^Fmw, Gs^Fmw, Gs^Fmw, Gs^Fms, Gs, Gs^Fmw, Gs, Gg, Gs, Gll^Fmw, Gs^Fmw, Gs, Gll, Gg, Gs, Gs^Fmw, Gs, Gs^Fms, Gs^Fp, Gs^Fms, Gs^Fms, Gs^Fds, Gs^Fds, Gs^Fms, Gs^Fms, Gg^Fms, Gg^Fms, Gs^Fms, Gs^Fms, Gs^Fds, Gs^Fms, Gs^Fms, Gs^Fms, Gs^Em, Gg^Efm, Gg
Gs^Fp, Gs^Fmw, Gs^Fmw, Gs^Fp, Gs^Fmw, Gs^Fms, Gs^Fmw, Gs^Fp, Gs^Fp, Gs^Fms, Gs^Fmw, Gs^Fp, Gs^Fmw, Gs, Gll^Em, Gll, Gs^Fmw, Gg^Fp, Gg, Gs^Fmw, Gs^Fp, Gs^Fp, Gs^Fms, Gs^Fms, Gg^Fms, Gs^Fms, Gg^Fds, Gg^Fms, Gs^Fds, Gg^Fds, Gs^Fms, Gg^Fms, Gs^Fms, Gs^Vh, Gs^Fds, Gs^Fds, Gs^Fms, Gs^Fms, Gs^Fms, Gs, Gs^Fms
Gs^Fp, Gll^Em, Gs^Efm, Gs^Fp, Gs^Fms, Gs^Fp, Gs^Fms, Gs^Fms, Gs^Fp, Gs^Fms, Gs^Fmw, Gs^Fp, Cv, Gg^Em, Gs^Fms, Gg, Gs, Gg, Gg, Gs^Fmw, Gs^Fp, Gs^Fp, Gs^Fp, Gs^Fms, Gs^Fms, Gs^Fds, Gs^Fds, Gg^Fds, Gg^Fms, Gg^Fds, Gs^Fds, Gg^Fds, Gg^Fds, Gs^Fms, Gs^Fms, Gs^Fds, Gs^Fds, Gs^Fds, Gs^Fms, Gs^Fms, Gs^Fms
Gs^Fp, Gs^Fp, Gs, Gs^Fms, Gs^Fms, Gs^Fp, Gs^Fms, Gs^Fms, Gg^Fds, Gg^Fds, Gs^Fms, Gs^Fms, Gs^Fp, Gs^Fp, Gs^Fp, Gs^Fp, Gs^Fms, Gs^Fms, Gs^Fms, Gs^Fp, Gs^Fms, Gg^Fms, Gs^Fp, Gs^Fms, Gs^Fms, Gs^Fms, Gs^Fms, Gs^Fms, Gg^Fms, Gg^Fms, Gg^Fds, Gs^Fms, Gg, Cv, Gs^Fms, Gs^Fms, Gs^Fms, Gs^Fms, Gs^Fms, Gs^Fds, Gs^Fds
Gs, Gs^Fms, Gs^Fms, Gs^Fp, Gs^Fms, Gs^Fp, Gg^Emf, Gs^Em, Gs^Fms, Gs^Fp, Gs^Fms, Gs^Fms, Gg^Fds, Gs^Fms, Gg, Gs^Fms, Gs^Fms, Gs^Fms, Gs^Fp, Gs^Fp, Gg^Fms, Gs^Fms, Gs^Fms, Gs^Fp, Gs^Fms, Gg^Fms, Gs^Fms, Gs^Fms, Gs^Fds, Gg^Fds, Gs^Fms, Gg, 2 Cv, 3 Kv, Gg, Gs^Fms, Gs^Fms, Gg^Em, Gg^Efm, Gs^Fms, Gs^Fms
Gs^Fms, Gs^Fp, Gs^Fms, Gs^Fms, Gs^Fms, Gg^Fms, Gg^Fms, Gs^Efm, Gg^Fms, Gs^Fms, Gg^Fms, Gg^Fds, Gg^Fds, Gs^Fp, Gg^Fms, Gs^Fp, Gg^Fms, Gs^Fp, Gs^Fms, Gg^Fms, Gs^Fms, Gs^Fms, Gs^Fp, Gs^Fp, Gg^Fms, Gs^Fms, Gs^Fms, Gs^Fms, Gs^Ve, Gs^Fms, Gs^Fms, Gs^Fds, Gs^Ve, Cv, Gs^Fms, Gs^Fms, Gs^Fms, Gs^Fms, Gg^Ve, Gs^Fds, Gs^Fms
Gs^Fms, Gs^Fp, Gs^Fds, Gs^Fms, Gs^Fds, Gs^Fds, Gg^Ve, Gs^Fp, Gg^Fds, Gs^Fms, Gs^Fms, Gs^Fp, Gg^Fms, Gg^Fms, Gs^Vl, Gg^Fms, Gg^Fms, Gs^Fp, Gs^Fp, Gs^Fp, Gg^Fms, Gs^Fp, Gs^Fms, Gs^Fp, Gg^Fms, Gg, Gs^Fms, Gs^Fms, Gs^Fds, Gs^Fms, Gs^Fms, Gs^Fms, Gs^Fds, Gs^Fds, Gs^Fds, Gs^Fds, Gs^Fds, 1 Gs^Fms, Gs^Fms, Gs^Fms, Gs^Fms
Gs^Fms, Gs^Fds, Gs^Fds, Gs^Fds, Gs^Fds, Gs^Fds, Gs^Fms, Gs^Fms, Gg^Fds, Gg^Fds, Gg^Fds, Gg^Efm, Gg^Fms, Gg^Fds, Gg^Fds, Gg^Fds, Gg^Fms, Gs^Fp, Gg^Fds, Gg^Fds, Gs^Fms, Gs^Fms, Gs^Fms, Gg^Em, Gg^Emf, Gs^Fms, Gs^Fds, Gs^Fds, Gs^Fds, Gs^Fms, Gs^Fds, Gs^Fms, Gs^Fds, Gs^Fds, Gs^Fms, Gs^Fms, Gs^Fds, Gs^Fms, Gs, Gs^Fms, Gs^Fms
Gs^Fms, Gs^Fds, Gs^Fms, Gs^Fds, Gs^Fms, Gs^Fds, Gs^Fms, Gs^Fp, Gs^Fp, Gs^Fp, Gs^Fms, Gg, Gs^Fp, Gg^Fms, Gg^Fds, Gg^Fms, Gs^Fms, Gs^Fms, Gs^Fms, Gg^Fds, Gs^Fms, Gs^Fms, Gg^Fms, Gg^Fms, Gs^Fms, Gs^Fms, Gs^Fms, Gs^Fds, Gs^Fms, Gs^Fms, Gs^Fds, Gs^Fds, Gs^Fms, Gs^Fds, Gs^Fms, Gs^Fms, Gs^Fms, Gs^Fms, Gs^Fms, Gs^Fms, Gs^Fms
