Gll^Fdf, Gll^Fdf, Gll^Fmf, Hhd^Fmf, Hhd^Fmf, Gs^Fmf, Gs^Fmf, Gs^Fp, Gs^Fmw, Gg^Fp, Gll^Fmf, Gll^Fmf, Gll^Fp, Gll^Fmf, Gll^Fmf, Gll^Fmf, Gll^Fmf, Gll^Fmf, Gd^Fmw, Hhd^Fp, Gll^Fmw, Gll^Fmf, Gll^Fmf, Gll^Fmf, Gll^Fmf, Hhd^Fmw, Gs^Fmw, Gll^Fmf, Gll^Fmf, Hhd, Gll^Fmf, Gll^Fdf, Gll^Fdf, Gll^Fdf, Gll^Fmf
Gll^Fdf, Gll^Fmf, Gll^Fmf, Gll^Fmf, Hhd^Fmw, Hhd^Fmf, Gs^Fdw, Gs^Fmw, Gd^Fdw, Gs^Fmw, Gd^Fp, Gs^Fp, Gll^Fmw, Gll^Fp, Gll^Fmf, Gll^Fmf, Gll^Fmw, Gll^Fmf, Gd^Fmw, Rb^Fmw, Rb^Fdw, Hhd^Fdw, Hhd, Hhd^Fmw, Hhd, Hhd^Fmw, Hhd, Hhd^Fp, Gll^Fmf, Gg^Fp, Gll^Emf, Gll^Fdf, Hhd^Fmf, Gll^Fdf, Hhd^Fp
Gg^Fp, Gll^Fdf, Gll^Fmf, Gll^Fmf, Gll^Fmf, Hhd^Fmf, Gd^Es, Gd^Es, Rb, Gd^Fdw, Hhd^Fdw, Gll^Fmw, Gs^Fp, Gll^Em, Gll, Gll^Fp, Gd^Fmw, Gd^Fp, Gd^Fmw, Hhd^Fp, Rb, Hhd^Fdw, Gd^Es, Hhd^Fmw, Hhd^Em, Hhd^Fmw, Gs^Fmw, Hhd^Em, Gs^Fp, Gll^Fmf, Gs^Em, Hhd^Fmf, Hhd^Fp, Hhd^Fp, Hhd^Fp
Gg^Fp, Gll^Fdf, Gs^Fp, Gll^Fmf, Gll^Fmf, Gs^Fmw, Gs^Fdw, Rb^Es, Rb^Es, Hhd^Fdw, Gll^Fmw, Gll^Fmw, Gll^Fmf, Gll^Fmf, Gs^Fmw, Gs^Fp, Gs^Fp, Gd^Fp, Gd^Fmw, Gd^Es, Rb^Es, Rb^Es, Rb, Hhd^Fdw, Hhd^Fmw, Gs^Fmw, Gll^Fmw, Gll^Em, Hhd^Fp, Gs^Fp, Hhd^Fmf, Hhd^Fmf, Hhd^Fdf, Hhd^Fmf, Hhd^Fdf
Gg^Fp, Gll^Fmf, Gll^Fmf, Gll^Fmw, Hhd^Fmw, Hhd^Fdw, Gd^Es, Rb, Hhd^Fdw, Hhd, Gll^Fp, Gll^Em, Gll^Fmf, Gll^Fmf, Gs^Fp, Gs^Fmw, Gs^Fmw, Gd^Fmw, Gd^Fmw, Hhd^Fmw, Hhd, Rb, Gd^Fdw, Gd^Es, Gd^Es, Gll^Fmw, Gll^Em, Gll^Fp, Gll^Fmf, Hhd^Fp, Gll^Fmf, Hhd^Fp, Gll^Fdf, Gll^Fdf, Gll^Fmf
Gll^Fmf, Gll^Fmf, Gll^Fmf, Gll^Em, Hhd^Fmf, Gs^Fdw, Hhd^Fdw, Gs^Em, Gs^Fmw, Gll^Fmf, Gll^Fp, Gll^Fmf, Gll^Fp, Gll^Fmf, Gs^Fmw, Gs^Fp, Gs^Fmw, Gd^Fdw, Gd^Es, Gd^Fdw, Hhd^Fmw, Hhd^Fdw, Gs^Fmw, Gs^Fmw, Gs^Fp, Gs^Fmw, Gll^Fp, Gll^Fmf, Gll^Fmf, Hhd^Fp, Gll^Fmf, Gll^Fmf, Gll^Fmf, Gll^Fp, Gll^Fp
Gg^Fp, Gll^Fmf, Gll^Fmf, Gll^Fmf, Gs^Fp, Hhd^Fmw, Hhd^Fmw, Gs^Fdw, Gs^Fp, Gs^Fmw, Gll^Fmf, Gs^Fp, Gs^Fmw, Gll^Fmf, Gs^Fdw, Gs^Fmw, Gd^Fmw, Gs^Fp, Gd^Fmw, Gd, Gs^Fp, Gs^Fmw, Gs^Fp, Hh^Fp, Hh^Fmw, Gs^Fmw, Gs^Fmw, Gll^Fp, Gll^Fp, Gll^Fmf, Gll^Fp, Gll^Fmf, Gll^Fp, Gll^Fmf, Gll^Fp
Gll^Fp, Gs^Fp, Gll^Fmf, Gs^Fp, Gll^Fmf, Gs^Fmw, Gd^Fmw, Gs^Fp, Gg^Fmw, Gll^Fmf, Gs^Fmw, Gll^Fmf, Gg^Fmw, Gs^Fp, Gd, Gd^Fmw, Gd^Dr, Gd^Fmw, Gs^Fmw, Gs^Fmw, Gs^Fp, Gg^Fmw, Gg^Fmw, Gd^Fmw, Gs^Em, Gs^Fp, Gd^Fp, Gs^Fp, Gs^Fp, Gs^Em, Gll^Fmf, Hhd^Fp, Gll^Fp, Gll^Fmf, Gll^Fmf
Gll^Fp, Gll^Fmw, Gll^Fdw, Gll^Fp, Gll^Fp, Gs^Fp, Gg^Fmw, Gd^Fp, Gg^Fmw, Gs^Fmw, Gs^Fdw, Gs^Fmw, Gd^Fdw, Gd^Ve, Gd, Gd^Fdw, Gd, Gs^Fmw, Gs^Fmw, Gs^Fmw, Gs^Fmw, Gs^Fp, Gd^Fmw, Gd^Fmw, Gd^Es, Gd^Fmw, Gd^Fdw, Gs^Fmw, Gs^Fp, Gs^Fp, Hhd^Fmw, Hhd^Fp, Gll^Fp, Gll^Fp, Gll^Fp
Gll, Gll^Em, Gll^Fmw, Gs^Fmw, Gd^Qhuf, Gll^Fmw, Gd, Gd^Fdw, Gd^Fmw, Gd^Fdw, Gd, Gd^Fdw, Rd, Gd, Rd^Es, Rd, Gd^Fdw, Gg^Fmw, Gd^Qhu, Gs^Fmw, Gs^Fmw, Gd^Fmw, Gd^Fmw, Rb, Rb^Es, Gd^Ve, Gd^Fdw, Gd^Es, Gd^Fp, Gd^Fp, Hhd^Fmw, Gd^Fp, Gs^Em, Gs, Gs
Re, Re, Gd, Re, Gd, Gd^Qhuf, Gd^Qhuf, Gd^Qhu, Gd^Qhu, Gd^Fdw, Cvr, Rd, Rb, Rb^Es, Gd^Qhu, Rd, Rd, Gd^Qhuf, Gd^Qhu, Gd^Fdw, Gd^Fdw, Gd^Fmw, Rb, Rb, Gd^Qhuf, Gd^Fmw, Gs^Fp, Gs^Fmw, Gd^Fmw, Gd^Fp, Gg^Fp, Gg^Fmw, Gll^Fp, Gs^Fmw, Gg^Fmw
Gll^Fmw, Gll^Fmw, Gll^Fdw, Gd^Fdw, Gll^Em, Gd^Qhu, Gd^Qhu, Gd^Qhu, Rd^Es, Rd^Es, Gd^Qhu, Gd^Qhu, Rb^Dr, Rb^Es, Rb^Dc, Rd^Es, Gd^Es, Gd^Es, Gd^Qhu, Gd^Qhuf, Gd^Qhuf, Gd, Gd^Es, Gd, Gd^Qhuf, Gd^Qhuf, Gs^Fp, Gs^Fmw, Gd^Fmw, Gd^Fp, Gg^Fmw, Gg^Fp, Gll^Fmf, Gll^Fp, Gg^Fmw
Gll^Em, Gll^Fmw, Gll^Fmw, Gll^Fmw, Gs^Fmf, Gd^Fdw, Gd^Qhuf, Gd^Qhu, Gd^Fdw, Rd^Es, Gd^Vl, Gd^Qhu, Gd^Qhu, Rb, Gd^Fdw, Gd, Gd^Es, Rd^Es, Rd, Cvr, Rb, Rb^Es, Gd^Dc, Gd^Qhuf, Gd^Qhuf, Gd^Qhuf, Gd^Fmw, Gg^Fmw, Gd^Fp, Gs^Fp, Gd^Fmw, Gg^Fp, Gg^Fp, Gg^Fp, Gll^Fmf
Gll^Fmw, Gll^Fmw, Gll^Fp, Gll^Fmf, Hhd^Fmf, Gd^Fmf, Gd^Fmw, Gll^Fp, Gd^Fmw, Gd^Fmw, Rb^Dc, Gd^Es, Rd, Rb, Gd^Fdw, Gd^Qhuf, Cv, Rd^Dr, Gs^Fet, Gd^Qhu, Cvr, Rb, Gd^Qhu, Cvr^Qhu, Gd^Qhu, Gd^Qhu, Gd^Fmw, Gd^Fp, Gd^Fmw, Gd^Fmw, Gd^Es, Gd^Fp, Gll^Fmw, Gll^Fmf, Gll^Fmf
Gll^Fmf, Gll^Fmf, Gg^Fp, Hhd^Fp, Hhd^Fp, Gll^Fmf, Gll^Em, Gll^Fp, Gs^Fmw, Gd^Fmw, Gd^Fmw, Gd^Fdw, Rd, Rd^Es, Gd^Es, Gd^Fdw, Gd^Dr, Gd^Ve, Gd^Qhu, Gd^Qhu, Rb^Dr, Rd^Es, Rd^Es, Gd^Qhu, Gd^Fdw, Gd^Fmw, Gd^Fdw, Gd^Fmw, Gs^Fp, Gd^Fdw, Gs, Gll^Fmw, Gll^Fp, Gll^Fmf, Gg^Fp
Gll^Fp, Gll^Fmf, Gll^Fp, Gs^Fmf, Gs^Fp, Gll^Fmf, Gll^Fmw, Gs, Gd^Fdw, Gd, Rd^Es, Rd, Gd^Fmw, Gd, Gd^Fmw, Gd^Es, Gd^Qhu, Cv, Kvr, Cvr, Rb, Rd, Rd^Es, Gd^Qhu, Gd^Vh, Gd^Fmw, Gd^Fmw, Gd^Fmw, Gs^Fmw, Gs^Fp, Gll^Fp, Gll^Fmw, Gll^Fp, Gll^Fmf, Gs^Fp
Gs^Fdw, Gs^Fdw, Gs^Fdw, Gll^Fmw, Gll^Fp, Gll^Fdw, Gll^Fmw, Gg^Fmw, Gd, Rd, Rd^Es, Gd^Es, Gd^Fdw, Gd^Fdw, Gd^Fmw, Gd^Es, Gd^Qhu, Gd^Qhuf, Gd^Qhuf, Gs^Fmw, Gd^Fdw, Gd, Cvr, Re, Re, Gd^Fmw, Gd^Fmw, Gs^Fp, Gd^Fmw, Gs^Fmw, Gll^Fp, Gg^Em, Gg^Fp, Gg^Fmw, Gg^Fp
Gll^Fmw, Gll^Fmw, Gll^Fmw, Rb^Em, Hhd^Fp, Gs^Fmw, Gll^Fmw, Gd^Fdw, Gd^Fdw, Gd^Vh, Rd, Gd^Fmw, Gd^Fdw, Gs^Fmw, Gd^Fdw, Gd^Qhu, Gd^Fdw, Gd^Qhu, Gd^Qhuf, Gd, Gd^Fdw, Gd^Fdw, Gd^Fmw, Gd^Fmw, Gs, Gd, Re, Gd^Fmw, Gs, Gd^Fmw, Gll^Fmw, Gll^Fp, Gg^Fmw, Gg^Fmw, Gg^Fmw
Sm, Rb^Fmw, Rb^Fmw, Rb^Fdw, Hhd, Gll^Fp, Gll^Fmw, Gll^Fp, Gs^Fp, Gd^Fmw, Gd^Fmw, Gd^Fmw, Gd^Fp, Gs^Fmw, Gd^Fmw, Gd^Fmw, Gd^Fdw, Gs^Fdw, Gs^Fmw, Gd^Fmw, Gd^Fmw, Gd^Fp, Gs^Fmw, Gs^Fmw, Re, Re, Gs^Fp, Re, Gg^Efm, Gs, Re, Gs^Fdw, Re, Re, Re
Rb^Fdw, Sm, Rb^Fmw, Hhd, Gll^Fdw, Hhd^Fmw, Hhd^Fp, Rb^Fp, Gs^Fmf, Gs^Fmf, Gd^Fp, Gs^Fmw, Gll^Em, Gs^Fmw, Gs^Fp, Gd^Fmw, Gg^Fmw, Gd, Gs^Fmw, Gd^Fmw, Gs^Fmw, Gs^Fp, Gs, Re, Gs, Gs^Fp, Gll^Fmf, Gs, Gll^Fmf, Gs^Fmw, Gs^Fmw, Gs, Gg^Fmw, Gg^Fmw, Gg^Fmw
Hhd, Sm^Em, Hhd, Gll^Fmw, Rb^Fdw, Rb^Fmw, Rb^Emf, Rb^Fmw, Gs^Fmw, Gll^Fmw, Gll^Fmw, Gd^Fp, Gs^Fp, Gll^Emf, Hhd^Fp, Gg^Fmw, Gs^Vl, Gs^Em, Gs^Fp, Gs^Fp, Gs^Fmw, Gs, Gg^Fp, Gs^Em, Gg^Fp, Gll^Fmf, Gll^Fmf, Gll^Fmf, Gll^Fmf, Gg^Fp, Hhd^Fmf, Gs^Fp, Gll^Fmf, Gll^Fmf, Gll^Fmf
Sm^Em, Hhd^Fdw, Hhd^Fdw, Sm^Em, Hhd^Em, Hhd, Gll^Fdw, Gll^Fmw, Hhd^Fp, Hhd^Fp, Gll^Fp, Gll^Fmf, Gll^Fmf, Hhd^Fmf, Gll^Fmf, Gll^Fp, Gs^Fmw, Gg^Fmw, Gs^Fp, Gs^Fmw, Gg, Gs, Gg^Fp, Gll^Emf, Gll^Fp, Gg^Fp, Hhd^Fmf, Gll^Fp, Gll^Em, Gll^Fmf, Hhd^Fmf, Hhd^Fmf, Gll^Fmf, Gll^Fmf, Gll^Fmf
Ss^Emf, Sm, Ss^Em, Hhd, Sm^Emf, Hhd^Fdw, Gll^Em, Rb^Fmw, Hhd^Fp, Hhd^Fmf, Gll^Fmf, Gll^Fmf, Gll^Fdf, Gll^Fmf, Gll^Fmf, Gll^Fmf, Gs^Fmw, Gs^Fmw, Gg^Fp, Gg^Efm, Re, Re, Gg^Fp, Gll^Fmf, Gll^Fmf, Gll^Fp, Gg^Fmw, Gll^Fp, Gll^Fp, Gll^Fp, Gg^Fp, Gll^Fmf, Gg^Fp, Gg^Fp, Gg^Fp
Ss^Em, Sm^Em, Ss, Ss, Rb^Em, Rb^Fdw, Rb^Fmw, Gll^Fmw, Hhd^Fp, Hhd^Fp, Rb^Fmw, Gll^Fdf, Gll^Fmf, Gll^Fp, Gll^Fmf, Gll^Fmf, Gll^Fmf, Gg^Fp, Gg^Fmw, Gs^Fmw, Re, Gll^Em, Gll^Fmf, Gll^Fmf, Gg^Fp, Gll^Fmw, Gg^Fmw, Gll^Fmw, Gll^Fmw, Gll^Fp, Gg^Fp, Gll^Fmf, Gg^Fp, Gg^Fmw, Gg^Fmw
Ss, Ss, Hhd, Hhd, Sm, Rb, Gll, Gg^Fp, Hhd^Fp, Hhd^Fp, Gg^Fp, Gll^Fmf, Gg^Fp, Gg^Fp, Gg^Fp, Gg^Fp, Gg^Fp, Gg^Fp, Gg^Fp, Gs^Em, Gs^Fp, Gll^Fp, Gg^Fp, Gll^Fmf, Gg^Fp, Gll^Fp, Gg^Fp, Gll^Fp, Gll^Fp, Gll^Fp, Gg^Fp, Gll^Fmf, Gg^Fp, Gg^Fmw, Gg^Fp
